Content-Disposition: attachment; filename="arvizturo \"x\"
 tukorfurogep.zip"; modification-date="01 Feb 03 04:05 GMT"
Content-Id: <mycontentid>
Content-Transfer-Encoding: base64
Content-Type: application/zip; boundary=enmime-abcdefg0123456789;
 charset=binary; name="arvizturo \"x\" tukorfurogep.zip"
X-Qp-Header: =?utf-8?q?Just_enough_to_need_qp_=E2=98=86?=

WklQWklQWklQ
